❯ Building...
✔ Building...
Initial chunk files | Names         |  Raw size
main.js             | main          | 164.34 kB | 
styles.css          | styles        |  70.17 kB | 

                    | Initial total | 234.51 kB

Application bundle generation complete. [1.952 seconds] - 2026-09-06T04:00:51.860Z

Watch mode enabled. Watching for file changes...
NOTE: Raw file sizes do not reflect development server per-request transformations.
  ➜  Local:   http://127.0.0.1:4200/
❯ Changes detected. Rebuilding...
✔ Changes detected. Rebuilding...
Application bundle generation failed. [2.064 seconds] - 2026-09-06T04:10:00.062Z

[31m✘ [41;31m[[41;97mERROR[41;31m][0m [1mTS2339: Property 'stars' does not exist on type 'HeroComponent'.[0m [1m[35m[plugin angular-compiler][0m

    src/app/landing/hero/hero.component.html:24:31:
[37m      24 │               *ngFor="let s of [32mstars[37m"
         ╵                                [32m~~~~~[0m

  Error occurs in the template of component HeroComponent.

    src/app/landing/hero/hero.component.ts:66:15:
[37m      66 │   templateUrl: [32m'./hero.component.html'[37m,
         ╵                [32m~~~~~~~~~~~~~~~~~~~~~~~[0m


[31m✘ [41;31m[[41;97mERROR[41;31m][0m [1mTS2339: Property 'Star' does not exist on type 'HeroComponent'.[0m [1m[35m[plugin angular-compiler][0m

    src/app/landing/hero/hero.component.html:25:22:
[37m      25 │               [name]="[32mStar[37m"
         ╵                       [32m~~~~[0m

  Error occurs in the template of component HeroComponent.

    src/app/landing/hero/hero.component.ts:66:15:
[37m      66 │   templateUrl: [32m'./hero.component.html'[37m,
         ╵                [32m~~~~~~~~~~~~~~~~~~~~~~~[0m


[31m✘ [41;31m[[41;97mERROR[41;31m][0m [1mTS2551: Property 'Lock' does not exist on type 'HeroComponent'. Did you mean 'Clock'?[0m [1m[35m[plugin angular-compiler][0m

    src/app/landing/hero/hero.component.html:82:38:
[37m      82 │ ...      <lucide-angular [name]="[32mLock[37m" [size]="11" [strokeWidth]="...
         ╵                                  [32m~~~~[0m

  Error occurs in the template of component HeroComponent.

    src/app/landing/hero/hero.component.ts:66:15:
[37m      66 │   templateUrl: [32m'./hero.component.html'[37m,
         ╵                [32m~~~~~~~~~~~~~~~~~~~~~~~[0m


[31m✘ [41;31m[[41;97mERROR[41;31m][0m [1mTS2339: Property 'board' does not exist on type 'HeroComponent'.[0m [1m[35m[plugin angular-compiler][0m

    src/app/landing/hero/hero.component.html:107:43:
[37m      107 │ ...    <div *ngFor="let lane of [32mboard[37m.lanes" class="flex min-w-0 ...
          ╵                                 [32m~~~~~[0m

  Error occurs in the template of component HeroComponent.

    src/app/landing/hero/hero.component.ts:66:15:
[37m      66 │   templateUrl: [32m'./hero.component.html'[37m,
         ╵                [32m~~~~~~~~~~~~~~~~~~~~~~~[0m


[31m✘ [41;31m[[41;97mERROR[41;31m][0m [1mTS2339: Property 'chat' does not exist on type 'HeroComponent'.[0m [1m[35m[plugin angular-compiler][0m

    src/app/landing/hero/hero.component.html:152:42:
[37m      152 │ ...     <div *ngFor="let msg of [32mchat[37m.messages" class="flex items-...
          ╵                                 [32m~~~~[0m

  Error occurs in the template of component HeroComponent.

    src/app/landing/hero/hero.component.ts:66:15:
[37m      66 │   templateUrl: [32m'./hero.component.html'[37m,
         ╵                [32m~~~~~~~~~~~~~~~~~~~~~~~[0m


[31m✘ [41;31m[[41;97mERROR[41;31m][0m [1mTS2339: Property 'Smile' does not exist on type 'HeroComponent'.[0m [1m[35m[plugin angular-compiler][0m

    src/app/landing/hero/hero.component.html:171:42:
[37m      171 │ ...     <lucide-angular [name]="[32mSmile[37m" [size]="13" [strokeWidth]=...
          ╵                                 [32m~~~~~[0m

  Error occurs in the template of component HeroComponent.

    src/app/landing/hero/hero.component.ts:66:15:
[37m      66 │   templateUrl: [32m'./hero.component.html'[37m,
         ╵                [32m~~~~~~~~~~~~~~~~~~~~~~~[0m


[31m✘ [41;31m[[41;97mERROR[41;31m][0m [1mTS2339: Property 'Send' does not exist on type 'HeroComponent'.[0m [1m[35m[plugin angular-compiler][0m

    src/app/landing/hero/hero.component.html:173:42:
[37m      173 │ ...     <lucide-angular [name]="[32mSend[37m" [size]="13" [strokeWidth]="...
          ╵                                 [32m~~~~[0m

  Error occurs in the template of component HeroComponent.

    src/app/landing/hero/hero.component.ts:66:15:
[37m      66 │   templateUrl: [32m'./hero.component.html'[37m,
         ╵                [32m~~~~~~~~~~~~~~~~~~~~~~~[0m


[31m✘ [41;31m[[41;97mERROR[41;31m][0m [1mTS2339: Property 'progress' does not exist on type 'HeroComponent'.[0m [1m[35m[plugin angular-compiler][0m

    src/app/landing/hero/hero.component.html:182:78:
[37m      182 │ ...11px] font-semibold text-accent-soft">{{ [32mprogress[37m.total }}</span>
          ╵                                             [32m~~~~~~~~[0m

  Error occurs in the template of component HeroComponent.

    src/app/landing/hero/hero.component.ts:66:15:
[37m      66 │   templateUrl: [32m'./hero.component.html'[37m,
         ╵                [32m~~~~~~~~~~~~~~~~~~~~~~~[0m


[31m✘ [41;31m[[41;97mERROR[41;31m][0m [1mTS2339: Property 'progress' does not exist on type 'HeroComponent'.[0m [1m[35m[plugin angular-compiler][0m

    src/app/landing/hero/hero.component.html:186:42:
[37m      186 │                   <div *ngFor="let row of [32mprogress[37m.rows">
          ╵                                           [32m~~~~~~~~[0m

  Error occurs in the template of component HeroComponent.

    src/app/landing/hero/hero.component.ts:66:15:
[37m      66 │   templateUrl: [32m'./hero.component.html'[37m,
         ╵                [32m~~~~~~~~~~~~~~~~~~~~~~~[0m


[31m✘ [41;31m[[41;97mERROR[41;31m][0m [1mTS2339: Property 'deadlines' does not exist on type 'HeroComponent'.[0m [1m[35m[plugin angular-compiler][0m

    src/app/landing/hero/hero.component.html:211:42:
[37m      211 │ ...   <div *ngFor="let row of [32mdeadlines[37m.rows" class="flex items-c...
          ╵                               [32m~~~~~~~~~[0m

  Error occurs in the template of component HeroComponent.

    src/app/landing/hero/hero.component.ts:66:15:
[37m      66 │   templateUrl: [32m'./hero.component.html'[37m,
         ╵                [32m~~~~~~~~~~~~~~~~~~~~~~~[0m


❯ Changes detected. Rebuilding...
✔ Changes detected. Rebuilding...
Application bundle generation failed. [1.153 seconds] - 2026-09-06T04:10:18.782Z

[31m✘ [41;31m[[41;97mERROR[41;31m][0m [1mTS2339: Property 'icon' does not exist on type 'DeadlineRow'.[0m [1m[35m[plugin angular-compiler][0m

    src/app/landing/hero/hero.component.html:215:28:
[37m      215 │                         row.[32micon[37m
          ╵                             [32m~~~~[0m

  Error occurs in the template of component HeroComponent.

    src/app/landing/hero/hero.component.ts:64:15:
[37m      64 │   templateUrl: [32m'./hero.component.html'[37m,
         ╵                [32m~~~~~~~~~~~~~~~~~~~~~~~[0m


❯ Changes detected. Rebuilding...
✔ Changes detected. Rebuilding...
Application bundle generation failed. [0.755 seconds] - 2026-09-06T04:10:20.775Z

[31m✘ [41;31m[[41;97mERROR[41;31m][0m [1mTS2339: Property 'icon' does not exist on type 'DeadlineRow'.[0m [1m[35m[plugin angular-compiler][0m

    src/app/landing/hero/hero.component.html:215:28:
[37m      215 │                         row.[32micon[37m
          ╵                             [32m~~~~[0m

  Error occurs in the template of component HeroComponent.

    src/app/landing/hero/hero.component.ts:64:15:
[37m      64 │   templateUrl: [32m'./hero.component.html'[37m,
         ╵                [32m~~~~~~~~~~~~~~~~~~~~~~~[0m


❯ Changes detected. Rebuilding...
✔ Changes detected. Rebuilding...
Application bundle generation failed. [0.854 seconds] - 2026-09-06T04:10:25.805Z

[31m✘ [41;31m[[41;97mERROR[41;31m][0m [1mTS2339: Property 'icon' does not exist on type 'DeadlineRow'.[0m [1m[35m[plugin angular-compiler][0m

    src/app/landing/hero/hero.component.html:215:28:
[37m      215 │                         row.[32micon[37m
          ╵                             [32m~~~~[0m

  Error occurs in the template of component HeroComponent.

    src/app/landing/hero/hero.component.ts:64:15:
[37m      64 │   templateUrl: [32m'./hero.component.html'[37m,
         ╵                [32m~~~~~~~~~~~~~~~~~~~~~~~[0m


❯ Changes detected. Rebuilding...
✔ Changes detected. Rebuilding...
Application bundle generation failed. [0.675 seconds] - 2026-09-06T04:10:28.933Z

[31m✘ [41;31m[[41;97mERROR[41;31m][0m [1mTS2339: Property 'icon' does not exist on type 'DeadlineRow'.[0m [1m[35m[plugin angular-compiler][0m

    src/app/landing/hero/hero.component.html:215:28:
[37m      215 │                         row.[32micon[37m
          ╵                             [32m~~~~[0m

  Error occurs in the template of component HeroComponent.

    src/app/landing/hero/hero.component.ts:64:15:
[37m      64 │   templateUrl: [32m'./hero.component.html'[37m,
         ╵                [32m~~~~~~~~~~~~~~~~~~~~~~~[0m


❯ Changes detected. Rebuilding...
✔ Changes detected. Rebuilding...
Application bundle generation failed. [0.606 seconds] - 2026-09-06T04:10:35.971Z

[31m✘ [41;31m[[41;97mERROR[41;31m][0m [1mTS2339: Property 'icon' does not exist on type 'DeadlineRow'.[0m [1m[35m[plugin angular-compiler][0m

    src/app/landing/hero/hero.component.html:215:28:
[37m      215 │                         row.[32micon[37m
          ╵                             [32m~~~~[0m

  Error occurs in the template of component HeroComponent.

    src/app/landing/hero/hero.component.ts:64:15:
[37m      64 │   templateUrl: [32m'./hero.component.html'[37m,
         ╵                [32m~~~~~~~~~~~~~~~~~~~~~~~[0m


❯ Changes detected. Rebuilding...
✔ Changes detected. Rebuilding...
Initial chunk files | Names         |  Raw size
main.js             | main          | 166.15 kB | 
styles.css          | styles        |  74.54 kB | 

                    | Initial total | 240.69 kB

Application bundle generation complete. [0.889 seconds] - 2026-09-06T04:11:19.993Z

Page reload sent to client(s).
❯ Changes detected. Rebuilding...
✔ Changes detected. Rebuilding...
Initial chunk files | Names |  Raw size
main.js             | main  | 166.25 kB | 

Application bundle generation complete. [4.341 seconds] - 2026-09-06T04:14:02.208Z

Page reload sent to client(s).
❯ Changes detected. Rebuilding...
✔ Changes detected. Rebuilding...
Initial chunk files | Names |  Raw size
main.js             | main  | 166.34 kB | 

Application bundle generation complete. [5.700 seconds] - 2026-09-06T04:14:07.990Z

Page reload sent to client(s).
❯ Changes detected. Rebuilding...
✔ Changes detected. Rebuilding...
Initial chunk files | Names |  Raw size
main.js             | main  | 166.25 kB | 

Application bundle generation complete. [2.615 seconds] - 2026-09-06T04:15:04.608Z

Page reload sent to client(s).
❯ Changes detected. Rebuilding...
✔ Changes detected. Rebuilding...
Initial chunk files | Names |  Raw size
main.js             | main  | 166.16 kB | 

Application bundle generation complete. [5.020 seconds] - 2026-09-06T04:15:11.322Z

Page reload sent to client(s).
❯ Changes detected. Rebuilding...
✔ Changes detected. Rebuilding...
Initial chunk files | Names         |  Raw size
main.js             | main          | 166.16 kB | 
styles.css          | styles        |  74.54 kB | 

                    | Initial total | 240.70 kB

Application bundle generation complete. [0.626 seconds] - 2026-09-06T04:20:19.071Z

❯ Changes detected. Rebuilding...
✔ Changes detected. Rebuilding...
Application bundle generation failed. [1.311 seconds] - 2026-09-06T04:22:46.404Z

[31m✘ [41;31m[[41;97mERROR[41;31m][0m [1mNG5002: Unexpected closing tag "div". It may happen when the tag has already been closed by another tag. For more info see https://www.w3.org/TR/html5/syntax.html#closing-elements-that-have-implied-end-tags[0m [1m[35m[plugin angular-compiler][0m

    src/app/landing/hero/hero.component.html:239:2:
[37m      239 │   [32m</div>[37m
          ╵   [32m~~~~~~[0m

  Error occurs in the template of component HeroComponent.

    src/app/landing/hero/hero.component.ts:64:15:
[37m      64 │   templateUrl: [32m'./hero.component.html'[37m,
         ╵                [32m~~~~~~~~~~~~~~~~~~~~~~~[0m


❯ Changes detected. Rebuilding...
✔ Changes detected. Rebuilding...
Application bundle generation failed. [0.684 seconds] - 2026-09-06T04:22:48.421Z

[31m✘ [41;31m[[41;97mERROR[41;31m][0m [1mNG5002: Unexpected closing tag "div". It may happen when the tag has already been closed by another tag. For more info see https://www.w3.org/TR/html5/syntax.html#closing-elements-that-have-implied-end-tags[0m [1m[35m[plugin angular-compiler][0m

    src/app/landing/hero/hero.component.html:239:2:
[37m      239 │   [32m</div>[37m
          ╵   [32m~~~~~~[0m

  Error occurs in the template of component HeroComponent.

    src/app/landing/hero/hero.component.ts:64:15:
[37m      64 │   templateUrl: [32m'./hero.component.html'[37m,
         ╵                [32m~~~~~~~~~~~~~~~~~~~~~~~[0m


❯ Changes detected. Rebuilding...
✔ Changes detected. Rebuilding...
Application bundle generation failed. [0.878 seconds] - 2026-09-06T04:22:52.688Z

[31m✘ [41;31m[[41;97mERROR[41;31m][0m [1mNG5002: Unexpected closing tag "div". It may happen when the tag has already been closed by another tag. For more info see https://www.w3.org/TR/html5/syntax.html#closing-elements-that-have-implied-end-tags[0m [1m[35m[plugin angular-compiler][0m

    src/app/landing/hero/hero.component.html:239:2:
[37m      239 │   [32m</div>[37m
          ╵   [32m~~~~~~[0m

  Error occurs in the template of component HeroComponent.

    src/app/landing/hero/hero.component.ts:64:15:
[37m      64 │   templateUrl: [32m'./hero.component.html'[37m,
         ╵                [32m~~~~~~~~~~~~~~~~~~~~~~~[0m


❯ Changes detected. Rebuilding...
✔ Changes detected. Rebuilding...
Application bundle generation failed. [0.630 seconds] - 2026-09-06T04:23:05.284Z

[31m✘ [41;31m[[41;97mERROR[41;31m][0m [1mNG5002: Unexpected closing tag "div". It may happen when the tag has already been closed by another tag. For more info see https://www.w3.org/TR/html5/syntax.html#closing-elements-that-have-implied-end-tags[0m [1m[35m[plugin angular-compiler][0m

    src/app/landing/hero/hero.component.html:239:2:
[37m      239 │   [32m</div>[37m
          ╵   [32m~~~~~~[0m

  Error occurs in the template of component HeroComponent.

    src/app/landing/hero/hero.component.ts:64:15:
[37m      64 │   templateUrl: [32m'./hero.component.html'[37m,
         ╵                [32m~~~~~~~~~~~~~~~~~~~~~~~[0m


❯ Changes detected. Rebuilding...
✔ Changes detected. Rebuilding...
Application bundle generation failed. [0.666 seconds] - 2026-09-06T04:23:12.138Z

[31m✘ [41;31m[[41;97mERROR[41;31m][0m [1mNG5002: Unexpected closing tag "div". It may happen when the tag has already been closed by another tag. For more info see https://www.w3.org/TR/html5/syntax.html#closing-elements-that-have-implied-end-tags[0m [1m[35m[plugin angular-compiler][0m

    src/app/landing/hero/hero.component.html:239:2:
[37m      239 │   [32m</div>[37m
          ╵   [32m~~~~~~[0m

  Error occurs in the template of component HeroComponent.

    src/app/landing/hero/hero.component.ts:64:15:
[37m      64 │   templateUrl: [32m'./hero.component.html'[37m,
         ╵                [32m~~~~~~~~~~~~~~~~~~~~~~~[0m


❯ Changes detected. Rebuilding...
✔ Changes detected. Rebuilding...
Initial chunk files | Names         |  Raw size
main.js             | main          | 165.47 kB | 
styles.css          | styles        |  74.54 kB | 

                    | Initial total | 240.01 kB

Application bundle generation complete. [1.605 seconds] - 2026-09-06T04:25:43.175Z

Page reload sent to client(s).
❯ Changes detected. Rebuilding...
✔ Changes detected. Rebuilding...
Initial chunk files | Names         |  Raw size
main.js             | main          | 166.00 kB | 
styles.css          | styles        |  75.13 kB | 

                    | Initial total | 241.13 kB

Application bundle generation complete. [3.451 seconds] - 2026-09-06T04:30:53.268Z

Stylesheet update sent to client(s).
Component update sent to client(s).
❯ Changes detected. Rebuilding...
✔ Changes detected. Rebuilding...
Initial chunk files | Names         |  Raw size
main.js             | main          | 178.72 kB | 
styles.css          | styles        |  77.87 kB | 

                    | Initial total | 256.58 kB

Application bundle generation complete. [1.438 seconds] - 2026-09-06T04:31:07.924Z

Stylesheet update sent to client(s).
Component update sent to client(s).
❯ Changes detected. Rebuilding...
✔ Changes detected. Rebuilding...
Initial chunk files | Names |  Raw size
main.js             | main  | 178.13 kB | 

Application bundle generation complete. [1.100 seconds] - 2026-09-06T04:35:04.214Z

Page reload sent to client(s).
❯ Changes detected. Rebuilding...
✔ Changes detected. Rebuilding...
Initial chunk files | Names |  Raw size
main.js             | main  | 178.15 kB | 

Application bundle generation complete. [1.059 seconds] - 2026-09-06T04:35:08.049Z

Component update sent to client(s).
❯ Changes detected. Rebuilding...
✔ Changes detected. Rebuilding...
Initial chunk files | Names |  Raw size
main.js             | main  | 178.16 kB | 

Application bundle generation complete. [2.910 seconds] - 2026-09-06T04:35:20.229Z

Component update sent to client(s).
❯ Changes detected. Rebuilding...
✔ Changes detected. Rebuilding...
Application bundle generation failed. [1.447 seconds] - 2026-09-06T04:40:43.019Z

[31m✘ [41;31m[[41;97mERROR[41;31m][0m [1mTS2339: Property 'ChevronDown' does not exist on type 'WorkflowComponent'.[0m [1m[35m[plugin angular-compiler][0m

    src/app/landing/workflow/workflow.component.html:35:36:
[37m      35 │ ...  <lucide-angular [name]="[32mChevronDown[37m" [size]="16" [strokeWidth...
         ╵                              [32m~~~~~~~~~~~[0m

  Error occurs in the template of component WorkflowComponent.

    src/app/landing/workflow/workflow.component.ts:9:15:
[37m      9 │   templateUrl: [32m'./workflow.component.html'[37m,
        ╵                [32m~~~~~~~~~~~~~~~~~~~~~~~~~~~[0m


[31m✘ [41;31m[[41;97mERROR[41;31m][0m [1mTS2339: Property 'ChevronDown' does not exist on type 'WorkflowComponent'.[0m [1m[35m[plugin angular-compiler][0m

    src/app/landing/workflow/workflow.component.html:54:36:
[37m      54 │ ...  <lucide-angular [name]="[32mChevronDown[37m" [size]="16" [strokeWidth...
         ╵                              [32m~~~~~~~~~~~[0m

  Error occurs in the template of component WorkflowComponent.

    src/app/landing/workflow/workflow.component.ts:9:15:
[37m      9 │   templateUrl: [32m'./workflow.component.html'[37m,
        ╵                [32m~~~~~~~~~~~~~~~~~~~~~~~~~~~[0m


[31m✘ [41;31m[[41;97mERROR[41;31m][0m [1mTS2339: Property 'ChevronDown' does not exist on type 'WorkflowComponent'.[0m [1m[35m[plugin angular-compiler][0m

    src/app/landing/workflow/workflow.component.html:73:36:
[37m      73 │ ...  <lucide-angular [name]="[32mChevronDown[37m" [size]="16" [strokeWidth...
         ╵                              [32m~~~~~~~~~~~[0m

  Error occurs in the template of component WorkflowComponent.

    src/app/landing/workflow/workflow.component.ts:9:15:
[37m      9 │   templateUrl: [32m'./workflow.component.html'[37m,
        ╵                [32m~~~~~~~~~~~~~~~~~~~~~~~~~~~[0m


❯ Changes detected. Rebuilding...
✔ Changes detected. Rebuilding...
Application bundle generation failed. [1.562 seconds] - 2026-09-06T04:40:51.045Z

[31m✘ [41;31m[[41;97mERROR[41;31m][0m [1mTS2347: Untyped function calls may not accept type arguments.[0m [1m[35m[plugin angular-compiler][0m

    src/app/landing/workflow/workflow.component.ts:66:8:
[37m      66 │         [32msec.querySelectorAll<HTMLElement>('.wf-card, .wf-ico, .wf-[37m...
         ╵         [32m~~~~~~~~~~~~~~~~~~~~~~~~~~~~~~~~~~~~~~~~~~~~~~~~~~~~~~~~~~[0m


[31m✘ [41;31m[[41;97mERROR[41;31m][0m [1mTS7006: Parameter 'el' implicitly has an 'any' type.[0m [1m[35m[plugin angular-compiler][0m

    src/app/landing/workflow/workflow.component.ts:66:99:
[37m      66 │ ...('.wf-card, .wf-ico, .wf-arrow, .wf-track-fill').forEach(([32mel[37m) => {
         ╵                                                              [32m~~[0m


[31m✘ [41;31m[[41;97mERROR[41;31m][0m [1mTS2347: Untyped function calls may not accept type arguments.[0m [1m[35m[plugin angular-compiler][0m

    src/app/landing/workflow/workflow.component.ts:73:20:
[37m      73 │       const icons = [32msec.querySelectorAll<HTMLElement>('.wf-ico')[37m;
         ╵                     [32m~~~~~~~~~~~~~~~~~~~~~~~~~~~~~~~~~~~~~~~~~~~~[0m


[31m✘ [41;31m[[41;97mERROR[41;31m][0m [1mTS2347: Untyped function calls may not accept type arguments.[0m [1m[35m[plugin angular-compiler][0m

    src/app/landing/workflow/workflow.component.ts:74:20:
[37m      74 │       const cards = [32msec.querySelectorAll<HTMLElement>('.wf-card')[37m;
         ╵                     [32m~~~~~~~~~~~~~~~~~~~~~~~~~~~~~~~~~~~~~~~~~~~~~[0m


[31m✘ [41;31m[[41;97mERROR[41;31m][0m [1mTS2347: Untyped function calls may not accept type arguments.[0m [1m[35m[plugin angular-compiler][0m

    src/app/landing/workflow/workflow.component.ts:75:21:
[37m      75 │       const arrows = [32msec.querySelectorAll<HTMLElement>('.wf-arrow')[37m;
         ╵                      [32m~~~~~~~~~~~~~~~~~~~~~~~~~~~~~~~~~~~~~~~~~~~~~~[0m


[31m✘ [41;31m[[41;97mERROR[41;31m][0m [1mTS2347: Untyped function calls may not accept type arguments.[0m [1m[35m[plugin angular-compiler][0m

    src/app/landing/workflow/workflow.component.ts:76:19:
[37m      76 │       const fill = [32msec.querySelector<HTMLElement>('.wf-track-fill')[37m;
         ╵                    [32m~~~~~~~~~~~~~~~~~~~~~~~~~~~~~~~~~~~~~~~~~~~~~~~~[0m


❯ Changes detected. Rebuilding...
✔ Changes detected. Rebuilding...
Application bundle generation failed. [0.723 seconds] - 2026-09-06T04:40:53.784Z

[31m✘ [41;31m[[41;97mERROR[41;31m][0m [1mTS2347: Untyped function calls may not accept type arguments.[0m [1m[35m[plugin angular-compiler][0m

    src/app/landing/workflow/workflow.component.ts:64:8:
[37m      64 │         [32msec.querySelectorAll<HTMLElement>('.wf-card, .wf-ico, .wf-[37m...
         ╵         [32m~~~~~~~~~~~~~~~~~~~~~~~~~~~~~~~~~~~~~~~~~~~~~~~~~~~~~~~~~~[0m


[31m✘ [41;31m[[41;97mERROR[41;31m][0m [1mTS7006: Parameter 'el' implicitly has an 'any' type.[0m [1m[35m[plugin angular-compiler][0m

    src/app/landing/workflow/workflow.component.ts:64:99:
[37m      64 │ ...('.wf-card, .wf-ico, .wf-arrow, .wf-track-fill').forEach(([32mel[37m) => {
         ╵                                                              [32m~~[0m


[31m✘ [41;31m[[41;97mERROR[41;31m][0m [1mTS2347: Untyped function calls may not accept type arguments.[0m [1m[35m[plugin angular-compiler][0m

    src/app/landing/workflow/workflow.component.ts:71:20:
[37m      71 │       const icons = [32msec.querySelectorAll<HTMLElement>('.wf-ico')[37m;
         ╵                     [32m~~~~~~~~~~~~~~~~~~~~~~~~~~~~~~~~~~~~~~~~~~~~[0m


[31m✘ [41;31m[[41;97mERROR[41;31m][0m [1mTS2347: Untyped function calls may not accept type arguments.[0m [1m[35m[plugin angular-compiler][0m

    src/app/landing/workflow/workflow.component.ts:72:20:
[37m      72 │       const cards = [32msec.querySelectorAll<HTMLElement>('.wf-card')[37m;
         ╵                     [32m~~~~~~~~~~~~~~~~~~~~~~~~~~~~~~~~~~~~~~~~~~~~~[0m


[31m✘ [41;31m[[41;97mERROR[41;31m][0m [1mTS2347: Untyped function calls may not accept type arguments.[0m [1m[35m[plugin angular-compiler][0m

    src/app/landing/workflow/workflow.component.ts:73:21:
[37m      73 │       const arrows = [32msec.querySelectorAll<HTMLElement>('.wf-arrow')[37m;
         ╵                      [32m~~~~~~~~~~~~~~~~~~~~~~~~~~~~~~~~~~~~~~~~~~~~~~[0m


[31m✘ [41;31m[[41;97mERROR[41;31m][0m [1mTS2347: Untyped function calls may not accept type arguments.[0m [1m[35m[plugin angular-compiler][0m

    src/app/landing/workflow/workflow.component.ts:74:19:
[37m      74 │       const fill = [32msec.querySelector<HTMLElement>('.wf-track-fill')[37m;
         ╵                    [32m~~~~~~~~~~~~~~~~~~~~~~~~~~~~~~~~~~~~~~~~~~~~~~~~[0m


❯ Changes detected. Rebuilding...
✔ Changes detected. Rebuilding...
Initial chunk files | Names         |  Raw size
main.js             | main          | 186.60 kB | 
styles.css          | styles        |  80.85 kB | 

                    | Initial total | 267.45 kB

Application bundle generation complete. [1.027 seconds] - 2026-09-06T04:42:00.469Z

Page reload sent to client(s).
❯ Changes detected. Rebuilding...
✔ Changes detected. Rebuilding...
Initial chunk files | Names         |  Raw size
main.js             | main          | 186.62 kB | 
styles.css          | styles        |  80.95 kB | 

                    | Initial total | 267.57 kB

Application bundle generation complete. [0.713 seconds] - 2026-09-06T04:44:21.041Z

Stylesheet update sent to client(s).
Component update sent to client(s).
❯ Changes detected. Rebuilding...
✔ Changes detected. Rebuilding...
Initial chunk files | Names |  Raw size
main.js             | main  | 186.44 kB | 

Application bundle generation complete. [1.536 seconds] - 2026-09-06T04:48:56.937Z

Page reload sent to client(s).
❯ Changes detected. Rebuilding...
✔ Changes detected. Rebuilding...
Application bundle generation failed. [0.820 seconds] - 2026-09-06T04:59:20.582Z

[31m✘ [41;31m[[41;97mERROR[41;31m][0m [1mTS2339: Property 'subscribe' does not exist on type 'FooterComponent'.[0m [1m[35m[plugin angular-compiler][0m

    src/app/landing/footer/footer.component.html:29:26:
[37m      29 │         <form (ngSubmit)="[32msubscribe[37m()" *ngIf="!subscribed" class="...
         ╵                           [32m~~~~~~~~~[0m

  Error occurs in the template of component FooterComponent.

    src/app/landing/footer/footer.component.ts:9:15:
[37m      9 │   templateUrl: [32m'./footer.component.html'[37m,
        ╵                [32m~~~~~~~~~~~~~~~~~~~~~~~~~[0m


[31m✘ [41;31m[[41;97mERROR[41;31m][0m [1mTS2339: Property 'subscribed' does not exist on type 'FooterComponent'.[0m [1m[35m[plugin angular-compiler][0m

    src/app/landing/footer/footer.component.html:29:47:
[37m      29 │ ...mit)="subscribe()" *ngIf="![32msubscribed[37m" class="mt-4 flex flex-co...
         ╵                               [32m~~~~~~~~~~[0m

  Error occurs in the template of component FooterComponent.

    src/app/landing/footer/footer.component.ts:9:15:
[37m      9 │   templateUrl: [32m'./footer.component.html'[37m,
        ╵                [32m~~~~~~~~~~~~~~~~~~~~~~~~~[0m


[31m✘ [41;31m[[41;97mERROR[41;31m][0m [1mTS2339: Property 'subscribed' does not exist on type 'FooterComponent'.[0m [1m[35m[plugin angular-compiler][0m

    src/app/landing/footer/footer.component.html:39:18:
[37m      39 │         <p *ngIf="[32msubscribed[37m" class="mt-4 text-sm text-accent-soft...
         ╵                   [32m~~~~~~~~~~[0m

  Error occurs in the template of component FooterComponent.

    src/app/landing/footer/footer.component.ts:9:15:
[37m      9 │   templateUrl: [32m'./footer.component.html'[37m,
        ╵                [32m~~~~~~~~~~~~~~~~~~~~~~~~~[0m


❯ Changes detected. Rebuilding...
✔ Changes detected. Rebuilding...
Initial chunk files | Names         |  Raw size
main.js             | main          | 186.84 kB | 
styles.css          | styles        |  82.19 kB | 

                    | Initial total | 269.03 kB

Application bundle generation complete. [1.118 seconds] - 2026-09-06T04:59:24.544Z

Page reload sent to client(s).
❯ Changes detected. Rebuilding...
✔ Changes detected. Rebuilding...
Application bundle generation failed. [0.689 seconds] - 2026-09-06T05:00:13.572Z

[31m✘ [41;31m[[41;97mERROR[41;31m][0m [1mTS2554: Expected 0 arguments, but got 1.[0m [1m[35m[plugin angular-compiler][0m

    src/app/landing/footer/footer.component.html:29:34:
[37m      29 │ ...   <form (submit)="subscribe([32m$event[37m)" *ngIf="!subscribed" class...
         ╵                                 [32m~~~~~~[0m

  Error occurs in the template of component FooterComponent.

    src/app/landing/footer/footer.component.ts:7:15:
[37m      7 │   templateUrl: [32m'./footer.component.html'[37m,
        ╵                [32m~~~~~~~~~~~~~~~~~~~~~~~~~[0m


❯ Changes detected. Rebuilding...
✔ Changes detected. Rebuilding...
Initial chunk files | Names         |  Raw size
main.js             | main          | 186.88 kB | 
styles.css          | styles        |  82.19 kB | 

                    | Initial total | 269.07 kB

Application bundle generation complete. [0.726 seconds] - 2026-09-06T05:00:15.424Z

Page reload sent to client(s).
❯ Changes detected. Rebuilding...
✔ Changes detected. Rebuilding...
Initial chunk files | Names  | Raw size
styles.css          | styles | 75.78 kB | 

Application bundle generation complete. [0.398 seconds] - 2026-09-06T05:12:11.474Z

Stylesheet update sent to client(s).
❯ Changes detected. Rebuilding...
✔ Changes detected. Rebuilding...
Initial chunk files | Names  | Raw size
styles.css          | styles | 76.79 kB | 

Application bundle generation complete. [0.292 seconds] - 2026-09-06T05:23:22.422Z

Stylesheet update sent to client(s).
❯ Changes detected. Rebuilding...
✔ Changes detected. Rebuilding...
Initial chunk files | Names  | Raw size
styles.css          | styles | 76.95 kB | 

Application bundle generation complete. [0.104 seconds] - 2026-09-06T05:23:25.763Z

Stylesheet update sent to client(s).
❯ Changes detected. Rebuilding...
✔ Changes detected. Rebuilding...
Initial chunk files | Names |  Raw size
main.js             | main  | 187.00 kB | 

Application bundle generation complete. [0.916 seconds] - 2026-09-06T05:23:29.515Z

Component update sent to client(s).
❯ Changes detected. Rebuilding...
✔ Changes detected. Rebuilding...
Initial chunk files | Names |  Raw size
main.js             | main  | 187.03 kB | 

Application bundle generation complete. [0.909 seconds] - 2026-09-06T05:23:36.525Z

Component update sent to client(s).
❯ Changes detected. Rebuilding...
✔ Changes detected. Rebuilding...
Initial chunk files | Names         |  Raw size
main.js             | main          | 187.49 kB | 
styles.css          | styles        |  77.24 kB | 

                    | Initial total | 264.74 kB

Application bundle generation complete. [0.929 seconds] - 2026-09-06T05:23:48.689Z

Stylesheet update sent to client(s).
Component update sent to client(s).
❯ Changes detected. Rebuilding...
✔ Changes detected. Rebuilding...
Initial chunk files | Names         |  Raw size
main.js             | main          | 187.65 kB | 
styles.css          | styles        |  77.59 kB | 

                    | Initial total | 265.24 kB

Application bundle generation complete. [0.814 seconds] - 2026-09-06T05:23:51.412Z

Stylesheet update sent to client(s).
Component update sent to client(s).
❯ Changes detected. Rebuilding...
✔ Changes detected. Rebuilding...
Initial chunk files | Names |  Raw size
main.js             | main  | 187.81 kB | 

Application bundle generation complete. [0.903 seconds] - 2026-09-06T05:23:54.804Z

Component update sent to client(s).
❯ Changes detected. Rebuilding...
✔ Changes detected. Rebuilding...
Initial chunk files | Names |  Raw size
main.js             | main  | 187.96 kB | 

Application bundle generation complete. [0.907 seconds] - 2026-09-06T05:37:06.237Z

Page reload sent to client(s).
❯ Changes detected. Rebuilding...
✔ Changes detected. Rebuilding...
Initial chunk files | Names |  Raw size
main.js             | main  | 188.21 kB | 

Application bundle generation complete. [1.034 seconds] - 2026-09-06T05:37:18.683Z

Page reload sent to client(s).
❯ Changes detected. Rebuilding...
✔ Changes detected. Rebuilding...
Initial chunk files | Names  | Raw size
styles.css          | styles | 77.29 kB | 

Application bundle generation complete. [0.235 seconds] - 2026-09-06T05:56:17.662Z

Stylesheet update sent to client(s).
❯ Changes detected. Rebuilding...
✔ Changes detected. Rebuilding...
Initial chunk files | Names |  Raw size
main.js             | main  | 188.21 kB | 

Application bundle generation complete. [0.625 seconds] - 2026-09-06T05:56:18.975Z

Component update sent to client(s).
❯ Changes detected. Rebuilding...
✔ Changes detected. Rebuilding...
Initial chunk files | Names         |  Raw size
main.js             | main          | 188.21 kB | 
styles.css          | styles        |  77.36 kB | 

                    | Initial total | 265.56 kB

Application bundle generation complete. [0.316 seconds] - 2026-09-06T05:56:20.130Z

Stylesheet update sent to client(s).
Component update sent to client(s).
❯ Changes detected. Rebuilding...
✔ Changes detected. Rebuilding...
Initial chunk files | Names |  Raw size
main.js             | main  | 188.19 kB | 

Application bundle generation complete. [0.397 seconds] - 2026-09-06T05:56:21.123Z

Component update sent to client(s).
❯ Changes detected. Rebuilding...
✔ Changes detected. Rebuilding...
Initial chunk files | Names |  Raw size
main.js             | main  | 188.19 kB | 

Application bundle generation complete. [0.756 seconds] - 2026-09-06T05:56:22.271Z

Component update sent to client(s).
❯ Changes detected. Rebuilding...
✔ Changes detected. Rebuilding...
Initial chunk files | Names |  Raw size
main.js             | main  | 188.19 kB | 

Application bundle generation complete. [0.720 seconds] - 2026-09-06T05:56:23.518Z

Component update sent to client(s).
❯ Changes detected. Rebuilding...
✔ Changes detected. Rebuilding...
Initial chunk files | Names |  Raw size
main.js             | main  | 188.19 kB | 

Application bundle generation complete. [0.392 seconds] - 2026-09-06T05:56:23.922Z

Component update sent to client(s).
❯ Changes detected. Rebuilding...
✔ Changes detected. Rebuilding...
Initial chunk files | Names |  Raw size
main.js             | main  | 188.18 kB | 

Application bundle generation complete. [0.554 seconds] - 2026-09-06T05:56:25.027Z

Component update sent to client(s).
❯ Changes detected. Rebuilding...
✔ Changes detected. Rebuilding...
Initial chunk files | Names |  Raw size
main.js             | main  | 188.16 kB | 

Application bundle generation complete. [0.576 seconds] - 2026-09-06T05:56:25.611Z

Component update sent to client(s).
❯ Changes detected. Rebuilding...
✔ Changes detected. Rebuilding...
Initial chunk files | Names |  Raw size
main.js             | main  | 188.16 kB | 

Application bundle generation complete. [0.389 seconds] - 2026-09-06T05:56:26.004Z

Component update sent to client(s).
❯ Changes detected. Rebuilding...
✔ Changes detected. Rebuilding...
Initial chunk files | Names         |  Raw size
main.js             | main          | 188.16 kB | 
styles.css          | styles        |  77.41 kB | 

                    | Initial total | 265.57 kB

Application bundle generation complete. [0.494 seconds] - 2026-09-06T05:56:26.641Z

Stylesheet update sent to client(s).
Component update sent to client(s).
❯ Changes detected. Rebuilding...
✔ Changes detected. Rebuilding...
Initial chunk files | Names |  Raw size
main.js             | main  | 188.14 kB | 

Application bundle generation complete. [0.524 seconds] - 2026-09-06T05:56:32.041Z

Component update sent to client(s).
❯ Changes detected. Rebuilding...
✔ Changes detected. Rebuilding...
Initial chunk files | Names |  Raw size
main.js             | main  | 188.14 kB | 

Application bundle generation complete. [0.437 seconds] - 2026-09-06T05:56:32.607Z

Component update sent to client(s).
❯ Changes detected. Rebuilding...
✔ Changes detected. Rebuilding...
Initial chunk files | Names         |  Raw size
main.js             | main          | 188.14 kB | 
styles.css          | styles        |  77.47 kB | 

                    | Initial total | 265.61 kB

Application bundle generation complete. [0.362 seconds] - 2026-09-06T05:56:33.305Z

Stylesheet update sent to client(s).
Component update sent to client(s).
❯ Changes detected. Rebuilding...
✔ Changes detected. Rebuilding...
Initial chunk files | Names         |  Raw size
main.js             | main          | 188.14 kB | 
styles.css          | styles        |  77.53 kB | 

                    | Initial total | 265.67 kB

Application bundle generation complete. [0.786 seconds] - 2026-09-06T05:56:34.545Z

Stylesheet update sent to client(s).
Component update sent to client(s).
❯ Changes detected. Rebuilding...
✔ Changes detected. Rebuilding...
Initial chunk files | Names |  Raw size
main.js             | main  | 188.20 kB | 

Application bundle generation complete. [0.576 seconds] - 2026-09-06T05:56:35.198Z

Component update sent to client(s).
❯ Changes detected. Rebuilding...
✔ Changes detected. Rebuilding...
Initial chunk files | Names |  Raw size
main.js             | main  | 188.20 kB | 

Application bundle generation complete. [0.599 seconds] - 2026-09-06T05:56:36.410Z

Component update sent to client(s).
❯ Changes detected. Rebuilding...
✔ Changes detected. Rebuilding...
Initial chunk files | Names |  Raw size
main.js             | main  | 188.19 kB | 

Application bundle generation complete. [0.593 seconds] - 2026-09-06T05:56:37.010Z

Component update sent to client(s).
❯ Changes detected. Rebuilding...
✔ Changes detected. Rebuilding...
Initial chunk files | Names |  Raw size
main.js             | main  | 188.13 kB | 

Application bundle generation complete. [0.607 seconds] - 2026-09-06T05:56:37.969Z

Component update sent to client(s).
❯ Changes detected. Rebuilding...
✔ Changes detected. Rebuilding...
Initial chunk files | Names |  Raw size
main.js             | main  | 188.11 kB | 

Application bundle generation complete. [0.441 seconds] - 2026-09-06T05:56:38.615Z

Component update sent to client(s).
❯ Changes detected. Rebuilding...
✔ Changes detected. Rebuilding...
Initial chunk files | Names |  Raw size
main.js             | main  | 188.11 kB | 

Application bundle generation complete. [0.323 seconds] - 2026-09-06T05:56:39.354Z

Component update sent to client(s).
❯ Changes detected. Rebuilding...
✔ Changes detected. Rebuilding...
Initial chunk files | Names |  Raw size
main.js             | main  | 188.11 kB | 

Application bundle generation complete. [0.356 seconds] - 2026-09-06T05:56:41.399Z

Component update sent to client(s).
❯ Changes detected. Rebuilding...
✔ Changes detected. Rebuilding...
Initial chunk files | Names |  Raw size
main.js             | main  | 188.11 kB | 

Application bundle generation complete. [0.317 seconds] - 2026-09-06T05:56:42.248Z

Component update sent to client(s).
❯ Changes detected. Rebuilding...
✔ Changes detected. Rebuilding...
Initial chunk files | Names |  Raw size
main.js             | main  | 188.10 kB | 

Application bundle generation complete. [0.343 seconds] - 2026-09-06T05:56:42.929Z

Component update sent to client(s).
❯ Changes detected. Rebuilding...
✔ Changes detected. Rebuilding...
Initial chunk files | Names |  Raw size
main.js             | main  | 188.08 kB | 

Application bundle generation complete. [0.588 seconds] - 2026-09-06T05:56:47.293Z

Component update sent to client(s).
❯ Changes detected. Rebuilding...
✔ Changes detected. Rebuilding...
Initial chunk files | Names |  Raw size
main.js             | main  | 188.08 kB | 

Application bundle generation complete. [0.519 seconds] - 2026-09-06T05:56:48.810Z

Component update sent to client(s).
❯ Changes detected. Rebuilding...
✔ Changes detected. Rebuilding...
Initial chunk files | Names |  Raw size
main.js             | main  | 188.08 kB | 

Application bundle generation complete. [0.458 seconds] - 2026-09-06T05:56:49.304Z

Component update sent to client(s).
❯ Changes detected. Rebuilding...
✔ Changes detected. Rebuilding...
Initial chunk files | Names |  Raw size
main.js             | main  | 188.06 kB | 

Application bundle generation complete. [0.494 seconds] - 2026-09-06T05:56:50.841Z

Component update sent to client(s).
❯ Changes detected. Rebuilding...
✔ Changes detected. Rebuilding...
Initial chunk files | Names |  Raw size
main.js             | main  | 188.06 kB | 

Application bundle generation complete. [0.522 seconds] - 2026-09-06T05:56:51.393Z

Component update sent to client(s).
❯ Changes detected. Rebuilding...
✔ Changes detected. Rebuilding...
Initial chunk files | Names |  Raw size
main.js             | main  | 188.06 kB | 

Application bundle generation complete. [0.545 seconds] - 2026-09-06T05:56:55.061Z

Component update sent to client(s).
❯ Changes detected. Rebuilding...
✔ Changes detected. Rebuilding...
Initial chunk files | Names         |  Raw size
main.js             | main          | 188.06 kB | 
styles.css          | styles        |  77.78 kB | 

                    | Initial total | 265.84 kB

Application bundle generation complete. [0.382 seconds] - 2026-09-06T05:56:55.666Z

Stylesheet update sent to client(s).
Component update sent to client(s).
❯ Changes detected. Rebuilding...
✔ Changes detected. Rebuilding...
Initial chunk files | Names |  Raw size
main.js             | main  | 188.06 kB | 

Application bundle generation complete. [0.559 seconds] - 2026-09-06T05:56:57.052Z

Component update sent to client(s).
❯ Changes detected. Rebuilding...
✔ Changes detected. Rebuilding...
Initial chunk files | Names |  Raw size
main.js             | main  | 188.04 kB | 

Application bundle generation complete. [0.411 seconds] - 2026-09-06T05:56:57.471Z

Component update sent to client(s).
❯ Changes detected. Rebuilding...
✔ Changes detected. Rebuilding...
Initial chunk files | Names         |  Raw size
main.js             | main          | 188.04 kB | 
styles.css          | styles        |  77.78 kB | 

                    | Initial total | 265.82 kB

Application bundle generation complete. [0.398 seconds] - 2026-09-06T05:56:57.875Z

Component update sent to client(s).
❯ Changes detected. Rebuilding...
✔ Changes detected. Rebuilding...
Initial chunk files | Names         |  Raw size
main.js             | main          | 188.04 kB | 
styles.css          | styles        |  77.84 kB | 

                    | Initial total | 265.88 kB

Application bundle generation complete. [0.359 seconds] - 2026-09-06T05:56:58.779Z

Stylesheet update sent to client(s).
Component update sent to client(s).
❯ Changes detected. Rebuilding...
✔ Changes detected. Rebuilding...
Initial chunk files | Names |  Raw size
main.js             | main  | 188.03 kB | 

Application bundle generation complete. [0.817 seconds] - 2026-09-06T05:56:59.722Z

Component update sent to client(s).
❯ Changes detected. Rebuilding...
✔ Changes detected. Rebuilding...
Initial chunk files | Names  | Raw size
styles.css          | styles | 77.90 kB | 

Application bundle generation complete. [0.739 seconds] - 2026-09-06T05:57:00.472Z

Stylesheet update sent to client(s).
Component update sent to client(s).
❯ Changes detected. Rebuilding...
✔ Changes detected. Rebuilding...
Initial chunk files | Names |  Raw size
main.js             | main  | 187.98 kB | 

Application bundle generation complete. [0.564 seconds] - 2026-09-06T05:57:02.446Z

Component update sent to client(s).
❯ Changes detected. Rebuilding...
✔ Changes detected. Rebuilding...
Initial chunk files | Names  | Raw size
styles.css          | styles | 78.15 kB | 

Application bundle generation complete. [0.604 seconds] - 2026-09-06T05:57:03.059Z

Stylesheet update sent to client(s).
Component update sent to client(s).
❯ Changes detected. Rebuilding...
✔ Changes detected. Rebuilding...
Initial chunk files | Names |  Raw size
main.js             | main  | 187.97 kB | 

Application bundle generation complete. [0.682 seconds] - 2026-09-06T05:57:05.498Z

Component update sent to client(s).
❯ Changes detected. Rebuilding...
✔ Changes detected. Rebuilding...
Initial chunk files | Names |  Raw size
main.js             | main  | 187.95 kB | 

Application bundle generation complete. [0.858 seconds] - 2026-09-06T05:57:06.364Z

Component update sent to client(s).
❯ Changes detected. Rebuilding...
✔ Changes detected. Rebuilding...
Initial chunk files | Names |  Raw size
main.js             | main  | 187.93 kB | 

Application bundle generation complete. [0.435 seconds] - 2026-09-06T05:57:06.819Z

Component update sent to client(s).
❯ Changes detected. Rebuilding...
✔ Changes detected. Rebuilding...
Initial chunk files | Names         |  Raw size
main.js             | main          | 187.80 kB | 
styles.css          | styles        |  78.41 kB | 

                    | Initial total | 266.21 kB

Application bundle generation complete. [0.600 seconds] - 2026-09-06T05:57:18.832Z

Stylesheet update sent to client(s).
Component update sent to client(s).
❯ Changes detected. Rebuilding...
✔ Changes detected. Rebuilding...
Initial chunk files | Names |  Raw size
main.js             | main  | 187.93 kB | 

Application bundle generation complete. [0.550 seconds] - 2026-09-06T05:57:23.813Z

Component update sent to client(s).
❯ Changes detected. Rebuilding...
✔ Changes detected. Rebuilding...
Initial chunk files | Names |  Raw size
main.js             | main  | 187.92 kB | 

Application bundle generation complete. [0.517 seconds] - 2026-09-06T05:57:24.490Z

Component update sent to client(s).
❯ Changes detected. Rebuilding...
✔ Changes detected. Rebuilding...
Initial chunk files | Names |  Raw size
main.js             | main  | 187.91 kB | 

Application bundle generation complete. [0.411 seconds] - 2026-09-06T05:57:25.088Z

Component update sent to client(s).
❯ Changes detected. Rebuilding...
✔ Changes detected. Rebuilding...
Initial chunk files | Names |  Raw size
main.js             | main  | 187.85 kB | 

Application bundle generation complete. [0.459 seconds] - 2026-09-06T05:57:26.053Z

Component update sent to client(s).
❯ Changes detected. Rebuilding...
✔ Changes detected. Rebuilding...
Initial chunk files | Names |  Raw size
main.js             | main  | 187.78 kB | 

Application bundle generation complete. [0.559 seconds] - 2026-09-06T05:57:27.532Z

Component update sent to client(s).
❯ Changes detected. Rebuilding...
✔ Changes detected. Rebuilding...
Initial chunk files | Names |  Raw size
main.js             | main  | 187.77 kB | 

Application bundle generation complete. [0.439 seconds] - 2026-09-06T05:57:28.766Z

Component update sent to client(s).
❯ Changes detected. Rebuilding...
✔ Changes detected. Rebuilding...
Initial chunk files | Names |  Raw size
main.js             | main  | 187.76 kB | 

Application bundle generation complete. [0.566 seconds] - 2026-09-06T05:57:30.569Z

Component update sent to client(s).
❯ Changes detected. Rebuilding...
✔ Changes detected. Rebuilding...
Initial chunk files | Names |  Raw size
main.js             | main  | 187.71 kB | 

Application bundle generation complete. [0.794 seconds] - 2026-09-06T05:57:34.402Z

Component update sent to client(s).
❯ Changes detected. Rebuilding...
✔ Changes detected. Rebuilding...
Initial chunk files | Names |  Raw size
main.js             | main  | 187.68 kB | 

Application bundle generation complete. [0.556 seconds] - 2026-09-06T05:57:35.000Z

Component update sent to client(s).
❯ Changes detected. Rebuilding...
✔ Changes detected. Rebuilding...
Initial chunk files | Names         |  Raw size
main.js             | main          | 187.66 kB | 
styles.css          | styles        |  78.52 kB | 

                    | Initial total | 266.18 kB

Application bundle generation complete. [0.785 seconds] - 2026-09-06T05:57:36.931Z

Stylesheet update sent to client(s).
Component update sent to client(s).
❯ Changes detected. Rebuilding...
✔ Changes detected. Rebuilding...
Initial chunk files | Names |  Raw size
main.js             | main  | 187.66 kB | 

Application bundle generation complete. [0.722 seconds] - 2026-09-06T05:57:37.672Z

Component update sent to client(s).
❯ Changes detected. Rebuilding...
✔ Changes detected. Rebuilding...
Initial chunk files | Names |  Raw size
main.js             | main  | 187.63 kB | 

Application bundle generation complete. [0.405 seconds] - 2026-09-06T05:57:39.093Z

Component update sent to client(s).
❯ Changes detected. Rebuilding...
✔ Changes detected. Rebuilding...
Initial chunk files | Names |  Raw size
main.js             | main  | 187.55 kB | 

Application bundle generation complete. [0.593 seconds] - 2026-09-06T05:57:42.383Z

Component update sent to client(s).
❯ Changes detected. Rebuilding...
✔ Changes detected. Rebuilding...
Initial chunk files | Names         |  Raw size
main.js             | main          | 187.55 kB | 
styles.css          | styles        |  78.63 kB | 

                    | Initial total | 266.18 kB

Application bundle generation complete. [0.382 seconds] - 2026-09-06T05:57:43.898Z

Stylesheet update sent to client(s).
Component update sent to client(s).
❯ Changes detected. Rebuilding...
✔ Changes detected. Rebuilding...
Initial chunk files | Names         |  Raw size
main.js             | main          | 187.55 kB | 
styles.css          | styles        |  78.69 kB | 

                    | Initial total | 266.23 kB

Application bundle generation complete. [0.513 seconds] - 2026-09-06T05:57:46.049Z

Stylesheet update sent to client(s).
Component update sent to client(s).
❯ Changes detected. Rebuilding...
✔ Changes detected. Rebuilding...
Initial chunk files | Names         |  Raw size
main.js             | main          | 187.55 kB | 
styles.css          | styles        |  78.74 kB | 

                    | Initial total | 266.29 kB

Application bundle generation complete. [0.666 seconds] - 2026-09-06T05:57:47.864Z

Stylesheet update sent to client(s).
Component update sent to client(s).
❯ Changes detected. Rebuilding...
✔ Changes detected. Rebuilding...
Initial chunk files | Names |  Raw size
main.js             | main  | 187.54 kB | 

Application bundle generation complete. [0.591 seconds] - 2026-09-06T05:58:01.982Z

Component update sent to client(s).
❯ Changes detected. Rebuilding...
✔ Changes detected. Rebuilding...
Initial chunk files | Names         |  Raw size
main.js             | main          | 187.53 kB | 
styles.css          | styles        |  78.80 kB | 

                    | Initial total | 266.33 kB

Application bundle generation complete. [0.384 seconds] - 2026-09-06T05:58:02.470Z

Stylesheet update sent to client(s).
Component update sent to client(s).
❯ Changes detected. Rebuilding...
✔ Changes detected. Rebuilding...
Initial chunk files | Names         |  Raw size
main.js             | main          | 187.53 kB | 
styles.css          | styles        |  78.88 kB | 

                    | Initial total | 266.41 kB

Application bundle generation complete. [0.686 seconds] - 2026-09-06T05:58:38.758Z

Stylesheet update sent to client(s).
Component update sent to client(s).
❯ Changes detected. Rebuilding...
✔ Changes detected. Rebuilding...
Initial chunk files | Names         |  Raw size
main.js             | main          | 187.52 kB | 
styles.css          | styles        |  79.04 kB | 

                    | Initial total | 266.56 kB

Application bundle generation complete. [0.646 seconds] - 2026-09-06T05:58:59.733Z

Stylesheet update sent to client(s).
Component update sent to client(s).
❯ Changes detected. Rebuilding...
✔ Changes detected. Rebuilding...
Initial chunk files | Names         |  Raw size
main.js             | main          | 187.52 kB | 
styles.css          | styles        |  79.11 kB | 

                    | Initial total | 266.63 kB

Application bundle generation complete. [0.982 seconds] - 2026-09-06T05:59:12.917Z

Stylesheet update sent to client(s).
Component update sent to client(s).
❯ Changes detected. Rebuilding...
✔ Changes detected. Rebuilding...
Initial chunk files | Names         |  Raw size
main.js             | main          | 187.52 kB | 
styles.css          | styles        |  79.21 kB | 

                    | Initial total | 266.74 kB

Application bundle generation complete. [0.836 seconds] - 2026-09-06T05:59:13.767Z

Stylesheet update sent to client(s).
Component update sent to client(s).
❯ Changes detected. Rebuilding...
✔ Changes detected. Rebuilding...
Initial chunk files | Names  | Raw size
styles.css          | styles | 75.72 kB | 

Application bundle generation complete. [0.147 seconds] - 2026-09-06T06:09:07.659Z

Page reload sent to client(s).
❯ Changes detected. Rebuilding...
✔ Changes detected. Rebuilding...

No output file changes.

Application bundle generation complete. [0.104 seconds] - 2026-09-06T06:09:14.109Z

Page reload sent to client(s).
❯ Changes detected. Rebuilding...
✔ Changes detected. Rebuilding...
Initial chunk files | Names         |  Raw size
main.js             | main          | 187.46 kB | 
styles.css          | styles        |  77.05 kB | 

                    | Initial total | 264.50 kB

Application bundle generation complete. [2.097 seconds] - 2026-09-06T06:09:34.074Z

Page reload sent to client(s).
❯ Changes detected. Rebuilding...
✔ Changes detected. Rebuilding...
Initial chunk files | Names |  Raw size
main.js             | main  | 187.51 kB | 

Application bundle generation complete. [2.925 seconds] - 2026-09-06T06:09:38.175Z

Component update sent to client(s).
❯ Changes detected. Rebuilding...
✔ Changes detected. Rebuilding...
Initial chunk files | Names |  Raw size
main.js             | main  | 187.62 kB | 

Application bundle generation complete. [0.917 seconds] - 2026-09-06T06:09:39.108Z

Component update sent to client(s).
❯ Changes detected. Rebuilding...
✔ Changes detected. Rebuilding...
Initial chunk files | Names |  Raw size
main.js             | main  | 187.69 kB | 

Application bundle generation complete. [0.619 seconds] - 2026-09-06T06:09:44.310Z

Component update sent to client(s).
fatal error: all goroutines are asleep - deadlock!

goroutine 1 [chan receive]:
github.com/evanw/esbuild/internal/helpers.(*ThreadSafeWaitGroup).Wait(...)
	github.com/evanw/esbuild/internal/helpers/waitgroup.go:36
main.runService.func2()
	github.com/evanw/esbuild/cmd/esbuild/service.go:114 +0x8c
main.runService(0x1)
	github.com/evanw/esbuild/cmd/esbuild/service.go:160 +0x560
main.main()
	github.com/evanw/esbuild/cmd/esbuild/main.go:252 +0xb5c

goroutine 49 [chan receive]:
main.runService.func1()
	github.com/evanw/esbuild/cmd/esbuild/service.go:98 +0x40
created by main.runService in goroutine 1
	github.com/evanw/esbuild/cmd/esbuild/service.go:97 +0x188

goroutine 50 [chan receive]:
main.(*serviceType).sendRequest(0x2ca16bd0a060, {0x100b7cfc0, 0x2ca16bbfa9c0})
	github.com/evanw/esbuild/cmd/esbuild/service.go:192 +0x134
main.runService.func3()
	github.com/evanw/esbuild/cmd/esbuild/service.go:125 +0x44
created by main.runService in goroutine 1
	github.com/evanw/esbuild/cmd/esbuild/service.go:122 +0x2a8
npm notice
npm notice New major version of npm available! 11.12.1 -> 12.0.2
npm notice Changelog: https://github.com/npm/cli/releases/tag/v12.0.2
npm notice To update run: npm install -g npm@12.0.2
npm notice
